<?xml version="1.0" encoding="UTF-8"?>
<interface>
  <object class="GtkWindow">
    <property name="child">
      <object class="GtkBox">
        <child>
          <placeholder/>
        </child>
      </object>
    </property>
  </object>
</interface>
