<?xml version="1.0" encoding="UTF-8"?>
<interface>
  <object class="GtkAspectFrame">
    <property name="child">
      <object class="GtkLabel">
        <property name="label">start</property>
      </object>
    </property>
  </object>
</interface>
