ERROR: gtk-builder-error-quark 6
Could not parse integer 'bla'
