ERROR: gtk-builder-error-quark 6
.:4:36 Invalid type 'nosuchtype'
