ERROR: gtk-builder-error-quark 13
.:0:0 Object with ID bla not found
