ERROR: gtk-builder-error-quark 1
.:9:15 Unsupported tag for GtkDialog: <warbl>
