ERROR: gtk-builder-error-quark 6
.:9:40 Could not parse enum: 'warbl'
