ERROR: gtk-builder-error-quark 1
<input>:10:13 Unhandled tag: <warbl>
