ERROR: g-markup-error-quark 6
.:9:23 element 'action-widget' requires attribute 'response'
