<?xml version="1.0" encoding="UTF-8"?>
<interface>
  <object class="GtkFrame">
    <property name="visible">0</property>
    <property name="label">bla</property>
    <child>
      <object class="GtkGestureClick"/>
    </child>
    <property name="child">
      <object class="GtkButton">
        <property name="visible">0</property>
      </object>
    </property>
  </object>
</interface>
