<?xml version="1.0" encoding="UTF-8"?>
<interface domain="nm-applet">
  <object class="GtkAssistant">
    <child>
      <object class="GtkAssistantPage">
        <property name="page_type">confirm</property>
        <property name="complete">True</property>
        <property name="child">
          <object class="GtkBox" id="confirm_page">
            <property name="visible">0</property>
          </object>
        </property>
      </object>
    </child>
  </object>
</interface>
