<?xml version="1.0" encoding="UTF-8"?>
<interface>
  <object class="GtkWindow">
    <child>
      <object class="GtkLabel">
        <property name="visible">0</property>
      </object>
    </child>
  </object>
</interface>
