<?xml version="1.0" encoding="UTF-8"?>
<interface>
  <requires lib="gtk" version="4.0"/>
  <object class="GtkPopover" id="popover">
    <property name="autohide">0</property>
  </object>
</interface>
