<?xml version="1.0" encoding="UTF-8"?>
<interface>
  <requires lib="gtk" version="4.0"/>
  <object class="GtkSeparator">
    <property name="orientation">vertical</property>
  </object>
  <object class="GtkSeparator"/>
</interface>
