<?xml version="1.0" encoding="UTF-8"?>
<interface>
  <object class="GtkWindow">
    <property name="visible" translatable="yes">0</property>
  </object>
</interface>
