<?xml version="1.0" encoding="UTF-8"?>
<interface>
  <object class="GtkGrid">
    <child>
      <object class="GtkLabel">
        <layout>
          <property name="row-span">2</property>
        </layout>
      </object>
    </child>
  </object>
</interface>
